eparg
taerg
wow